17:37:07 **** Build of configuration Debug for project Assign3_Prog4 ****
make -j7 all 
arm-none-eabi-gcc -mcpu=cortex-m4 -g3 -DDEBUG -c -x assembler-with-cpp -MMD -MP -MF"Src/main4.d" -MT"Src/main4.o" --specs=nano.specs -mfpu=fpv4-sp-d16 -mfloat-abi=hard -mthumb -o "Src/main4.o" "../Src/main4.s"
arm-none-eabi-gcc -o "Assign3_Prog4.elf" @"objects.list"   -mcpu=cortex-m4 -T"/Users/brandonrobb/Documents/CPSC-3300/Programming Assignmentds/Assign3_Prog4/STM32F334C8TX_FLASH.ld" --specs=nosys.specs -Wl,-Map="Assign3_Prog4.map" -Wl,--gc-sections -nodefaultlibs -static --specs=nano.specs -mfpu=fpv4-sp-d16 -mfloat-abi=hard -mthumb -Wl,--start-group -lc -lm -Wl,--end-group
Finished building target: Assign3_Prog4.elf
 
arm-none-eabi-size   Assign3_Prog4.elf 
arm-none-eabi-objdump -h -S  Assign3_Prog4.elf  > "Assign3_Prog4.list"
   text	   data	    bss	    dec	    hex	filename
    816	     60	   1564	   2440	    988	Assign3_Prog4.elf
Finished building: default.size.stdout
 
Finished building: Assign3_Prog4.list
 
17:37:13 **** Incremental Build of configuration Debug for project Assign3_Prog4 ****
make -j7 all 
arm-none-eabi-size   Assign3_Prog4.elf 
   text	   data	    bss	    dec	    hex	filename
    816	     60	   1564	   2440	    988	Assign3_Prog4.elf
Finished building: default.size.stdout
 
17:38:37 **** Incremental Build of configuration Debug for project Assign3_Prog4 ****
make -j7 all 
arm-none-eabi-size   Assign3_Prog4.elf 
   text	   data	    bss	    dec	    hex	filename
    816	     60	   1564	   2440	    988	Assign3_Prog4.elf
Finished building: default.size.stdout
 
17:39:44 **** Build of configuration Debug for project Assign3_Prog5 ****
make -j7 all 
arm-none-eabi-gcc -mcpu=cortex-m4 -g3 -DDEBUG -c -x assembler-with-cpp -MMD -MP -MF"Src/main5.d" -MT"Src/main5.o" --specs=nano.specs -mfpu=fpv4-sp-d16 -mfloat-abi=hard -mthumb -o "Src/main5.o" "../Src/main5.s"
arm-none-eabi-gcc -o "Assign3_Prog5.elf" @"objects.list"   -mcpu=cortex-m4 -T"/Users/brandonrobb/Documents/CPSC-3300/Programming Assignmentds/Assign3_Prog5/STM32F334C8TX_FLASH.ld" --specs=nosys.specs -Wl,-Map="Assign3_Prog5.map" -Wl,--gc-sections -nodefaultlibs -static --specs=nano.specs -mfpu=fpv4-sp-d16 -mfloat-abi=hard -mthumb -Wl,--start-group -lc -lm -Wl,--end-group
Finished building target: Assign3_Prog5.elf
 
arm-none-eabi-size   Assign3_Prog5.elf 
arm-none-eabi-objdump -h -S  Assign3_Prog5.elf  > "Assign3_Prog5.list"
   text	   data	    bss	    dec	    hex	filename
    812	     60	   1564	   2436	    984	Assign3_Prog5.elf
Finished building: default.size.stdout
 
Finished building: Assign3_Prog5.list
 
17:43:06 **** Incremental Build of configuration Debug for project Assign3_Prog5 ****
make -j7 all 
arm-none-eabi-size   Assign3_Prog5.elf 
   text	   data	    bss	    dec	    hex	filename
    812	     60	   1564	   2436	    984	Assign3_Prog5.elf
Finished building: default.size.stdout
 
